====================================================================
R2 Stage-3 Admission Gate
====================================================================

[B09] real time-coordinate index join
  rows requested : 48
  admitted       : 48
  rejected       : 0

[B08] content verification of the admitted subset
  2020010200_L072: 8 batch(es), 33914880 values, content_sha256=37788f56be5ea772...
  2020010518_L072: 8 batch(es), 33914880 values, content_sha256=ad632985b824a818...
  2020010912_L072: 8 batch(es), 33914880 values, content_sha256=2deb8e100f2093df...
  2020011306_L072: 8 batch(es), 33914880 values, content_sha256=b56417a32ee26b6c...
  2020011700_L072: 8 batch(es), 33914880 values, content_sha256=ffd0888103f7c37c...
  2020012018_L072: 8 batch(es), 33914880 values, content_sha256=fffa90a53d97a2bb...
  2020012412_L072: 8 batch(es), 33914880 values, content_sha256=e4672ec45e3a4a74...
  2020012806_L072: 8 batch(es), 33914880 values, content_sha256=267e632318d3612e...
  2020020100_L072: 8 batch(es), 33914880 values, content_sha256=bf3fb9c73fc8021b...
  2020020418_L072: 8 batch(es), 33914880 values, content_sha256=bfe2ff16c1209d6f...
  2020020812_L072: 8 batch(es), 33914880 values, content_sha256=9a74a7ab8d278297...
  2020021206_L072: 8 batch(es), 33914880 values, content_sha256=8f350bcbe83d2b63...
  2020021600_L072: 8 batch(es), 33914880 values, content_sha256=218ef29c39eb9f5d...
  2020021918_L072: 8 batch(es), 33914880 values, content_sha256=625e7126e733d813...
  2020022312_L072: 8 batch(es), 33914880 values, content_sha256=4e0a34a0b9e1cfcd...
  2020022706_L072: 8 batch(es), 33914880 values, content_sha256=0bd21470a9b3f555...
  2020030200_L072: 8 batch(es), 33914880 values, content_sha256=dcd032fce145c130...
  2020030518_L072: 8 batch(es), 33914880 values, content_sha256=e003961920c7dbf8...
  2020030912_L072: 8 batch(es), 33914880 values, content_sha256=d024ebe437e31ace...
  2020031306_L072: 8 batch(es), 33914880 values, content_sha256=7b0daca5dc1aa97d...
  2020031700_L072: 8 batch(es), 33914880 values, content_sha256=44beca57684d772c...
  2020032018_L072: 8 batch(es), 33914880 values, content_sha256=dcda9512b5d638b8...
  2020032412_L072: 8 batch(es), 33914880 values, content_sha256=3822ed6f88a68597...
  2020032806_L072: 8 batch(es), 33914880 values, content_sha256=8951e89e3133fd14...
  2020040100_L072: 8 batch(es), 33914880 values, content_sha256=244895a9cafefc5b...
  2020040418_L072: 8 batch(es), 33914880 values, content_sha256=0998915c0f9508bc...
  2020040812_L072: 8 batch(es), 33914880 values, content_sha256=bd126a355b0911f8...
  2020041206_L072: 8 batch(es), 33914880 values, content_sha256=193428116a21bec1...
  2020041600_L072: 8 batch(es), 33914880 values, content_sha256=a16d40332f1c2ab3...
  2020041918_L072: 8 batch(es), 33914880 values, content_sha256=2da1b1ba201e74a2...
  2020042312_L072: 8 batch(es), 33914880 values, content_sha256=11123466187ac14b...
  2020042706_L072: 8 batch(es), 33914880 values, content_sha256=cf4ad3865b630b05...
  2020050100_L072: 8 batch(es), 33914880 values, content_sha256=8172b29668f0b72b...
  2020050418_L072: 8 batch(es), 33914880 values, content_sha256=65fe84cbbf1c20cc...
  2020050812_L072: 8 batch(es), 33914880 values, content_sha256=1d91da77b4afddc7...
  2020051206_L072: 8 batch(es), 33914880 values, content_sha256=b8daea2d04230d5a...
  2020051600_L072: 8 batch(es), 33914880 values, content_sha256=ec22d39cb214fa0b...
  2020051918_L072: 8 batch(es), 33914880 values, content_sha256=92aec1f01765a0c7...
  2020052312_L072: 8 batch(es), 33914880 values, content_sha256=13cde71221195636...
  2020052706_L072: 8 batch(es), 33914880 values, content_sha256=c76ae42f7a280d54...
  2020053100_L072: 8 batch(es), 33914880 values, content_sha256=72ebbe3ff5e95266...
  2020060318_L072: 8 batch(es), 33914880 values, content_sha256=7df813e509cb626b...
  2020060712_L072: 8 batch(es), 33914880 values, content_sha256=f09d330afc19c961...
  2020061106_L072: 8 batch(es), 33914880 values, content_sha256=a4ecdeea6c03b53e...
  2020061500_L072: 8 batch(es), 33914880 values, content_sha256=13767d483060850c...
  2020061818_L072: 8 batch(es), 33914880 values, content_sha256=f3b1e499e8fae3fc...
  2020062212_L072: 8 batch(es), 33914880 values, content_sha256=7b3ecc106c1e2d94...
  2020063000_L072: 8 batch(es), 33914880 values, content_sha256=511f2b0aac6cce97...

  - b09_real_sample_admission: PASS
  - b08_content_verification: PASS

RESULT: PASS
Admission record written to: plans/plan_v4_0923/run_20260924T033627Z_fp04_bank/admission/bank_fit_admission.json
EXIT 0
