====================================================================
R2 Stage-3 Admission Gate
====================================================================

[B09] real time-coordinate index join
  rows requested : 64
  admitted       : 64
  rejected       : 0

[B08] content verification of the admitted subset
  2020010200_L072: 8 batch(es), 33914880 values, content_sha256=37788f56be5ea772...
  2020012606_L072: 8 batch(es), 33914880 values, content_sha256=78a565340b07beb2...
  2020021912_L072: 8 batch(es), 33914880 values, content_sha256=39dd2d426cb49101...
  2020031418_L072: 8 batch(es), 33914880 values, content_sha256=be21a2044b8c3bfe...
  2020040800_L072: 8 batch(es), 33914880 values, content_sha256=0ffcbbae6c061dab...
  2020050206_L072: 8 batch(es), 33914880 values, content_sha256=62940213e01b7a33...
  2020052612_L072: 8 batch(es), 33914880 values, content_sha256=208c1d8e69c5989e...
  2020061918_L072: 8 batch(es), 33914880 values, content_sha256=4ce3d3744c38af69...
  2020071318_L072: 8 batch(es), 33914880 values, content_sha256=199caf5f47e6ba55...
  2020071618_L072: 8 batch(es), 33914880 values, content_sha256=cf3a8dfcde5f688e...
  2020071918_L072: 8 batch(es), 33914880 values, content_sha256=74063ce1299e0030...
  2020072300_L072: 8 batch(es), 33914880 values, content_sha256=ccb3ac9fc227b249...
  2020072600_L072: 8 batch(es), 33914880 values, content_sha256=206157983ef1d452...
  2020072900_L072: 8 batch(es), 33914880 values, content_sha256=bad41e44a4bab2ea...
  2020080100_L072: 8 batch(es), 33914880 values, content_sha256=48d3e005389cf88c...
  2020080406_L072: 8 batch(es), 33914880 values, content_sha256=27ffa4757ead258a...
  2020080706_L072: 8 batch(es), 33914880 values, content_sha256=98856082837d8854...
  2020081006_L072: 8 batch(es), 33914880 values, content_sha256=344bea160e4805ba...
  2020081306_L072: 8 batch(es), 33914880 values, content_sha256=430f57cb8cf9594d...
  2020081606_L072: 8 batch(es), 33914880 values, content_sha256=a750a995ace7b125...
  2020081912_L072: 8 batch(es), 33914880 values, content_sha256=0e31760a8456f98c...
  2020082212_L072: 8 batch(es), 33914880 values, content_sha256=d7d8de3a34896645...
  2020082512_L072: 8 batch(es), 33914880 values, content_sha256=49fa353065423153...
  2020082812_L072: 8 batch(es), 33914880 values, content_sha256=6da01a34bb28e3ec...
  2020083112_L072: 8 batch(es), 33914880 values, content_sha256=e8ed4cc3cb62a4b9...
  2020090318_L072: 8 batch(es), 33914880 values, content_sha256=57f676a4ff4319d6...
  2020090618_L072: 8 batch(es), 33914880 values, content_sha256=2f1f345cca16237b...
  2020090918_L072: 8 batch(es), 33914880 values, content_sha256=9185423fcfe64d6f...
  2020091218_L072: 8 batch(es), 33914880 values, content_sha256=070fa571ab064e8c...
  2020091600_L072: 8 batch(es), 33914880 values, content_sha256=714357615b4664c7...
  2020091900_L072: 8 batch(es), 33914880 values, content_sha256=702ebd03e00c7213...
  2020092200_L072: 8 batch(es), 33914880 values, content_sha256=42316346d6cb0698...
  2020092500_L072: 8 batch(es), 33914880 values, content_sha256=301164bcb250e249...
  2020092800_L072: 8 batch(es), 33914880 values, content_sha256=e6814ed9125783b2...
  2020100106_L072: 8 batch(es), 33914880 values, content_sha256=b15018564e335adb...
  2020100406_L072: 8 batch(es), 33914880 values, content_sha256=033c110dc8a056c5...
  2020100706_L072: 8 batch(es), 33914880 values, content_sha256=279b644fb9d6f0ea...
  2020101006_L072: 8 batch(es), 33914880 values, content_sha256=a0c87ceb58121efc...
  2020101312_L072: 8 batch(es), 33914880 values, content_sha256=8fc978ccf70b5304...
  2020101612_L072: 8 batch(es), 33914880 values, content_sha256=275d428e47ec7bb3...
  2020101912_L072: 8 batch(es), 33914880 values, content_sha256=23a229beef59e270...
  2020102212_L072: 8 batch(es), 33914880 values, content_sha256=96a1af8cb468b16d...
  2020102512_L072: 8 batch(es), 33914880 values, content_sha256=9a145e106e0192fd...
  2020102818_L072: 8 batch(es), 33914880 values, content_sha256=d05b1df7d0c2ea5e...
  2020103118_L072: 8 batch(es), 33914880 values, content_sha256=44f381a1d8855093...
  2020110318_L072: 8 batch(es), 33914880 values, content_sha256=37e4c01589d91cef...
  2020110618_L072: 8 batch(es), 33914880 values, content_sha256=f29be9a0cebcb3fd...
  2020111000_L072: 8 batch(es), 33914880 values, content_sha256=6cb52afc4306cf43...
  2020111300_L072: 8 batch(es), 33914880 values, content_sha256=14e96cdef7f245c0...
  2020111600_L072: 8 batch(es), 33914880 values, content_sha256=6543373f447ed85f...
  2020111900_L072: 8 batch(es), 33914880 values, content_sha256=f9e35ee6c2c7def3...
  2020112200_L072: 8 batch(es), 33914880 values, content_sha256=397e947adc2cd2ac...
  2020112506_L072: 8 batch(es), 33914880 values, content_sha256=9284be92a610ca41...
  2020112806_L072: 8 batch(es), 33914880 values, content_sha256=5254a2bea98098a1...
  2020120106_L072: 8 batch(es), 33914880 values, content_sha256=637350ba9430820f...
  2020120406_L072: 8 batch(es), 33914880 values, content_sha256=e50a3983d9268ba6...
  2020120706_L072: 8 batch(es), 33914880 values, content_sha256=32ed2fcceaa64b26...
  2020121012_L072: 8 batch(es), 33914880 values, content_sha256=ceae76c38baca684...
  2020121312_L072: 8 batch(es), 33914880 values, content_sha256=48c474253903b0eb...
  2020121612_L072: 8 batch(es), 33914880 values, content_sha256=b706e9f935007072...
  2020121912_L072: 8 batch(es), 33914880 values, content_sha256=4778f8c6deb3021b...
  2020122218_L072: 8 batch(es), 33914880 values, content_sha256=bf77d6cfd0651690...
  2020122518_L072: 8 batch(es), 33914880 values, content_sha256=336105ee66b29961...
  2020122818_L072: 8 batch(es), 33914880 values, content_sha256=594956ec69d1e3ed...

  - b09_real_sample_admission: PASS
  - b08_content_verification: PASS

RESULT: PASS
Admission record written to: plans/plan_v4_0923/run_20260924T004746Z_fp03_x1_ntrain_EXPLORATORY/admission/x1_n64_admission.json
