====================================================================
R2 Stage-3 Admission Gate
====================================================================

[B09] real time-coordinate index join
  rows requested : 32
  admitted       : 32
  rejected       : 0

[B08] content verification of the admitted subset
  2020010200_L072: 8 batch(es), 33914880 values, content_sha256=37788f56be5ea772...
  2020012606_L072: 8 batch(es), 33914880 values, content_sha256=78a565340b07beb2...
  2020021912_L072: 8 batch(es), 33914880 values, content_sha256=39dd2d426cb49101...
  2020031418_L072: 8 batch(es), 33914880 values, content_sha256=be21a2044b8c3bfe...
  2020040800_L072: 8 batch(es), 33914880 values, content_sha256=0ffcbbae6c061dab...
  2020050206_L072: 8 batch(es), 33914880 values, content_sha256=62940213e01b7a33...
  2020052612_L072: 8 batch(es), 33914880 values, content_sha256=208c1d8e69c5989e...
  2020061918_L072: 8 batch(es), 33914880 values, content_sha256=4ce3d3744c38af69...
  2020071318_L072: 8 batch(es), 33914880 values, content_sha256=199caf5f47e6ba55...
  2020071918_L072: 8 batch(es), 33914880 values, content_sha256=74063ce1299e0030...
  2020072900_L072: 8 batch(es), 33914880 values, content_sha256=bad41e44a4bab2ea...
  2020080406_L072: 8 batch(es), 33914880 values, content_sha256=27ffa4757ead258a...
  2020081306_L072: 8 batch(es), 33914880 values, content_sha256=430f57cb8cf9594d...
  2020081912_L072: 8 batch(es), 33914880 values, content_sha256=0e31760a8456f98c...
  2020082512_L072: 8 batch(es), 33914880 values, content_sha256=49fa353065423153...
  2020090318_L072: 8 batch(es), 33914880 values, content_sha256=57f676a4ff4319d6...
  2020090918_L072: 8 batch(es), 33914880 values, content_sha256=9185423fcfe64d6f...
  2020091900_L072: 8 batch(es), 33914880 values, content_sha256=702ebd03e00c7213...
  2020092500_L072: 8 batch(es), 33914880 values, content_sha256=301164bcb250e249...
  2020100106_L072: 8 batch(es), 33914880 values, content_sha256=b15018564e335adb...
  2020101006_L072: 8 batch(es), 33914880 values, content_sha256=a0c87ceb58121efc...
  2020101612_L072: 8 batch(es), 33914880 values, content_sha256=275d428e47ec7bb3...
  2020102212_L072: 8 batch(es), 33914880 values, content_sha256=96a1af8cb468b16d...
  2020103118_L072: 8 batch(es), 33914880 values, content_sha256=44f381a1d8855093...
  2020110618_L072: 8 batch(es), 33914880 values, content_sha256=f29be9a0cebcb3fd...
  2020111600_L072: 8 batch(es), 33914880 values, content_sha256=6543373f447ed85f...
  2020112200_L072: 8 batch(es), 33914880 values, content_sha256=397e947adc2cd2ac...
  2020112806_L072: 8 batch(es), 33914880 values, content_sha256=5254a2bea98098a1...
  2020120706_L072: 8 batch(es), 33914880 values, content_sha256=32ed2fcceaa64b26...
  2020121312_L072: 8 batch(es), 33914880 values, content_sha256=48c474253903b0eb...
  2020122218_L072: 8 batch(es), 33914880 values, content_sha256=bf77d6cfd0651690...
  2020122818_L072: 8 batch(es), 33914880 values, content_sha256=594956ec69d1e3ed...

  - b09_real_sample_admission: PASS
  - b08_content_verification: PASS

RESULT: PASS
Admission record written to: plans/plan_v4_0923/run_20260924T004746Z_fp03_x1_ntrain_EXPLORATORY/admission/x1_n32_admission.json
