====================================================================
R2 Stage-3 Admission Gate
====================================================================

[B09] real time-coordinate index join
  rows requested : 8
  admitted       : 8
  rejected       : 0

[B08] content verification of the admitted subset
  2020010200_L072: 8 batch(es), 33914880 values, content_sha256=37788f56be5ea772...
  2020012606_L072: 8 batch(es), 33914880 values, content_sha256=78a565340b07beb2...
  2020021912_L072: 8 batch(es), 33914880 values, content_sha256=39dd2d426cb49101...
  2020031418_L072: 8 batch(es), 33914880 values, content_sha256=be21a2044b8c3bfe...
  2020040800_L072: 8 batch(es), 33914880 values, content_sha256=0ffcbbae6c061dab...
  2020050206_L072: 8 batch(es), 33914880 values, content_sha256=62940213e01b7a33...
  2020052612_L072: 8 batch(es), 33914880 values, content_sha256=208c1d8e69c5989e...
  2020061918_L072: 8 batch(es), 33914880 values, content_sha256=4ce3d3744c38af69...

  - b09_real_sample_admission: PASS
  - b08_content_verification: PASS

RESULT: PASS
Admission record written to: plans/plan_v4_0923/run_20260923T192759Z_fp03_fs/admission/bank_fit_admission.json
