ACTION new_tests_and_parameter_artifact_guards
Running 69 items in this shard
.....................................................................    [100%]
- generated xml file: /mnt/afs/260010168/EarthDelta/runs/online/v92_execution_20260930T071601Z/tests/gradient_002/JUNIT.xml -
69 passed in 11.23s
ACTION fit_raw_full_gradients
{"issue": 4, "loss": 1.032762885093689, "norm": 0.3597262490809099, "grad4_seconds": 4.2186666913330555}
{"issue": 8, "loss": 1.0144426822662354, "norm": 0.40686726887445607, "grad4_seconds": 1.43125868588686}
{"issue": 12, "loss": 1.0183660984039307, "norm": 0.3530164671259283, "grad4_seconds": 1.431900467723608}
{"issue": 16, "loss": 1.0187369585037231, "norm": 0.37335466158742997, "grad4_seconds": 1.434246201068163}
{"issue": 20, "loss": 1.0143818855285645, "norm": 0.32279767331937015, "grad4_seconds": 1.4337496161460876}
{"issue": 24, "loss": 1.0344996452331543, "norm": 0.40983269021855123, "grad4_seconds": 1.4319953806698322}
{"issue": 28, "loss": 1.0100311040878296, "norm": 0.349912944338264, "grad4_seconds": 1.4328688830137253}
{"issue": 32, "loss": 1.0111151933670044, "norm": 0.3619651201992507, "grad4_seconds": 1.443191770464182}
{"issue": 36, "loss": 0.9924635887145996, "norm": 0.3523691355919842, "grad4_seconds": 1.4317016266286373}
{"issue": 40, "loss": 1.0118814706802368, "norm": 0.3752191974764813, "grad4_seconds": 1.4320131614804268}
{"issue": 44, "loss": 0.961294412612915, "norm": 0.3235687117628322, "grad4_seconds": 1.430221140384674}
{"issue": 48, "loss": 0.9897279143333435, "norm": 0.33046174172892445, "grad4_seconds": 1.4349692091345787}
{"issue": 52, "loss": 0.9848166704177856, "norm": 0.3162394144843268, "grad4_seconds": 1.431700672954321}
{"issue": 56, "loss": 1.0040451288223267, "norm": 0.36719373974885355, "grad4_seconds": 1.4323766194283962}
{"issue": 60, "loss": 1.0276813507080078, "norm": 0.42453448688047885, "grad4_seconds": 1.4359704479575157}
{"issue": 64, "loss": 0.9989158511161804, "norm": 0.36485202522846777, "grad4_seconds": 1.4317866303026676}
{"issue": 68, "loss": 0.9952502250671387, "norm": 0.3368504919253197, "grad4_seconds": 1.430196076631546}
{"issue": 72, "loss": 1.0027682781219482, "norm": 0.3759242200849836, "grad4_seconds": 1.432726576924324}
{"issue": 76, "loss": 1.0063942670822144, "norm": 0.37285550518887633, "grad4_seconds": 1.4332870282232761}
{"issue": 80, "loss": 0.9792796969413757, "norm": 0.3029066732138504, "grad4_seconds": 1.4347648210823536}
{"issue": 84, "loss": 0.9954659938812256, "norm": 0.3448576003414021, "grad4_seconds": 1.4306706450879574}
{"issue": 88, "loss": 0.9798188209533691, "norm": 0.35138297512520916, "grad4_seconds": 1.4352970346808434}
{"issue": 92, "loss": 0.9766125679016113, "norm": 0.38473987649054864, "grad4_seconds": 1.4328634552657604}
{"issue": 96, "loss": 0.9610913991928101, "norm": 0.321728761173348, "grad4_seconds": 1.4332312308251858}
{"issue": 100, "loss": 1.0033817291259766, "norm": 0.39340227547268747, "grad4_seconds": 1.4325603172183037}
{"issue": 104, "loss": 0.9895080327987671, "norm": 0.3997339391527754, "grad4_seconds": 1.4308399371802807}
{"issue": 108, "loss": 0.9501001238822937, "norm": 0.3325681167201145, "grad4_seconds": 1.4359777234494686}
{"issue": 112, "loss": 0.9341573715209961, "norm": 0.3374461650781199, "grad4_seconds": 1.4338311180472374}
{"issue": 116, "loss": 0.952417254447937, "norm": 0.3638944033510236, "grad4_seconds": 1.4353438206017017}
{"issue": 120, "loss": 0.9666069746017456, "norm": 0.3418467414098958, "grad4_seconds": 1.4360138960182667}
{"issue": 124, "loss": 0.9910470247268677, "norm": 0.3627496322873629, "grad4_seconds": 1.4333647675812244}
{"issue": 128, "loss": 0.9668120741844177, "norm": 0.3474936724557653, "grad4_seconds": 1.432832010090351}
{"issue": 132, "loss": 0.9862362742424011, "norm": 0.3518141079622785, "grad4_seconds": 1.4355792216956615}
{"issue": 136, "loss": 1.0207927227020264, "norm": 0.3741791486279563, "grad4_seconds": 1.4348521828651428}
{"issue": 140, "loss": 1.0327754020690918, "norm": 0.3629493417532116, "grad4_seconds": 1.446790810674429}
{"issue": 144, "loss": 1.0709261894226074, "norm": 0.3958858116849, "grad4_seconds": 1.436342976987362}
{"issue": 148, "loss": 1.0615395307540894, "norm": 0.38411547867574536, "grad4_seconds": 1.431058183312416}
{"issue": 152, "loss": 1.072157382965088, "norm": 0.43265191121456675, "grad4_seconds": 1.4340090341866016}
{"issue": 156, "loss": 1.1196995973587036, "norm": 0.46019365777329774, "grad4_seconds": 1.4422738999128342}
{"issue": 160, "loss": 1.0855739116668701, "norm": 0.3844395556182278, "grad4_seconds": 1.4352179691195488}
{"issue": 164, "loss": 1.062738299369812, "norm": 0.3560224921949199, "grad4_seconds": 1.4332243353128433}
{"issue": 168, "loss": 1.0178816318511963, "norm": 0.35165673628871724, "grad4_seconds": 1.4354928769171238}
{"issue": 172, "loss": 1.005746841430664, "norm": 0.3314137074404053, "grad4_seconds": 1.4321867190301418}
{"issue": 176, "loss": 0.9853941798210144, "norm": 0.3348635104096577, "grad4_seconds": 1.4365935362875462}
{"issue": 180, "loss": 1.0150221586227417, "norm": 0.3775372452770651, "grad4_seconds": 1.4335137717425823}
{"issue": 184, "loss": 1.0120787620544434, "norm": 0.3954705367589921, "grad4_seconds": 1.4322802275419235}
{"issue": 188, "loss": 0.9829394221305847, "norm": 0.3322706527861803, "grad4_seconds": 1.4353874363005161}
{"issue": 192, "loss": 0.9661377668380737, "norm": 0.3614411464739494, "grad4_seconds": 1.4354234412312508}
{"issue": 196, "loss": 0.9392408728599548, "norm": 0.36665434817452397, "grad4_seconds": 1.4330840483307838}
{"issue": 200, "loss": 0.9262566566467285, "norm": 0.313798913244638, "grad4_seconds": 1.4343032501637936}
{"issue": 204, "loss": 0.9471456408500671, "norm": 0.3299276530823546, "grad4_seconds": 1.436829973012209}
{"issue": 208, "loss": 0.9751407504081726, "norm": 0.3698661916758991, "grad4_seconds": 1.4369487091898918}
{"issue": 212, "loss": 0.9754519462585449, "norm": 0.3662094513595032, "grad4_seconds": 1.4380778409540653}
{"issue": 216, "loss": 0.963249683380127, "norm": 0.2969882631296915, "grad4_seconds": 1.4354773350059986}
{"issue": 220, "loss": 0.9349491000175476, "norm": 0.3141388480321141, "grad4_seconds": 1.436440333724022}
{"issue": 224, "loss": 0.9454731345176697, "norm": 0.3284824714550907, "grad4_seconds": 1.4324563294649124}
{"issue": 228, "loss": 0.9664689898490906, "norm": 0.3390718428983938, "grad4_seconds": 1.4323613047599792}
{"issue": 232, "loss": 0.9762362241744995, "norm": 0.2982575357948615, "grad4_seconds": 1.4358700551092625}
{"issue": 236, "loss": 0.9869064688682556, "norm": 0.3328704652504898, "grad4_seconds": 1.436244886368513}
{"issue": 240, "loss": 1.0297341346740723, "norm": 0.3773754942621943, "grad4_seconds": 1.4374836161732674}
{"issue": 244, "loss": 1.0282375812530518, "norm": 0.363973669296682, "grad4_seconds": 1.4341894388198853}
{"issue": 248, "loss": 0.9939327239990234, "norm": 0.3255539333523928, "grad4_seconds": 1.4347119592130184}
{"issue": 252, "loss": 0.9989147186279297, "norm": 0.34483936311062563, "grad4_seconds": 1.4410884603857994}
{"issue": 256, "loss": 1.0013291835784912, "norm": 0.3634292081157591, "grad4_seconds": 1.4368034712970257}
{"issue": 260, "loss": 0.9635456800460815, "norm": 0.36406870413354925, "grad4_seconds": 1.4368137679994106}
{"issue": 264, "loss": 1.0047091245651245, "norm": 0.339016846398098, "grad4_seconds": 1.4369203448295593}
{"issue": 268, "loss": 0.9960967302322388, "norm": 0.345234599633517, "grad4_seconds": 1.4401979930698872}
{"issue": 272, "loss": 0.9946063756942749, "norm": 0.34695633318965435, "grad4_seconds": 1.4351407922804356}
{"issue": 276, "loss": 0.9804913401603699, "norm": 0.34636261394156154, "grad4_seconds": 1.4339111596345901}
{"issue": 280, "loss": 1.003917932510376, "norm": 0.3790768925755897, "grad4_seconds": 1.4340688809752464}
{"issue": 284, "loss": 1.0587260723114014, "norm": 0.3632680354871726, "grad4_seconds": 1.4316908977925777}
{"issue": 288, "loss": 1.0072600841522217, "norm": 0.36438879671747687, "grad4_seconds": 1.4418447576463223}
{"issue": 292, "loss": 1.0210156440734863, "norm": 0.48380113657972734, "grad4_seconds": 1.4330001883208752}
{"issue": 296, "loss": 1.0321941375732422, "norm": 0.48896357845030314, "grad4_seconds": 1.4333506003022194}
{"issue": 300, "loss": 1.015533208847046, "norm": 0.34188168985187867, "grad4_seconds": 1.4361352026462555}
{"issue": 304, "loss": 1.0072646141052246, "norm": 0.35935706209057944, "grad4_seconds": 1.4323019236326218}
{"issue": 308, "loss": 0.9997553825378418, "norm": 0.382605121336068, "grad4_seconds": 1.4357946924865246}
{"issue": 312, "loss": 1.0008435249328613, "norm": 0.3557155995393284, "grad4_seconds": 1.4340711683034897}
{"issue": 316, "loss": 0.9641219973564148, "norm": 0.3129423217508764, "grad4_seconds": 1.433769091963768}
{"issue": 320, "loss": 0.9824094772338867, "norm": 0.37259697457785496, "grad4_seconds": 1.4356809183955193}
{"issue": 324, "loss": 1.007073998451233, "norm": 0.40743901902230284, "grad4_seconds": 1.436839446425438}
{"issue": 328, "loss": 0.9717000722885132, "norm": 0.33808993782466723, "grad4_seconds": 1.436350516974926}
{"issue": 332, "loss": 1.0055464506149292, "norm": 0.38155388148724506, "grad4_seconds": 1.4335468038916588}
{"issue": 336, "loss": 1.0188795328140259, "norm": 0.39398791473294004, "grad4_seconds": 1.4328684955835342}
{"issue": 340, "loss": 1.0179345607757568, "norm": 0.3373416389067678, "grad4_seconds": 1.431749101728201}
{
  "status": "OBSERVED",
  "scope": "fit gradients only",
  "scientific_support": false,
  "mean": {
    "path": "/mnt/afs/260010168/EarthDelta/runs/online/v92_execution_20260930T071601Z/gradient_002/RAW_MEAN_ESTIMATE_FP64.npy",
    "sha256": "30c33dc28c167afcaf74f7cfcc3a271240d677a77454623195e574a3f67c01a3",
    "dtype": "float64",
    "source_indices": [
      4,
      8,
      12,
      16,
      20,
      24,
      28,
      32,
      36,
      40,
      44,
      48,
      52,
      56,
      60,
      64,
      68,
      72,
      76,
      80,
      84,
      88,
      92,
      96,
      100,
      104,
      108,
      112,
      116,
      120,
      124,
      128,
      132,
      136,
      140,
      144,
      148,
      152,
      156,
      160,
      164,
      168,
      172,
      176,
      180,
      184,
      188,
      192,
      196,
      200,
      204,
      208,
      212,
      216
    ],
    "artifact_available": 236
  },
  "target_metadata": [
    {
      "block": 18,
      "shape": [
        1024,
        1024
      ],
      "numel": 1048576
    },
    {
      "block": 19,
      "shape": [
        1024,
        1024
      ],
      "numel": 1048576
    },
    {
      "block": 20,
      "shape": [
        1024,
        1024
      ],
      "numel": 1048576
    },
    {
      "block": 21,
      "shape": [
        1024,
        1024
      ],
      "numel": 1048576
    },
    {
      "block": 22,
      "shape": [
        1024,
        1024
      ],
      "numel": 1048576
    },
    {
      "block": 23,
      "shape": [
        1024,
        1024
      ],
      "numel": 1048576
    }
  ],
  "denominators": {
    "path": "/mnt/afs/260010168/EarthDelta/runs/online/v92_execution_20260930T071601Z/f0_rescore_001/DENOMINATORS.json",
    "sha256": "ae3839cdf083dba6a15424075901c0682b04eec84868025428d125a10be4348c"
  },
  "gradient_count": 85,
  "model_sha256": "7fde884ec85f4999d4bcb02d55ed72c142912071956083ebee08d3d86311b695",
  "contract_sha256": "ea2e6ddeb31b9314b190f28e49680e440875dca2e579a268b2d0012e9d32498b",
  "wall_seconds": 263.90276566520333
}
