FP01-trace-a       pt-4up0ayzr FAILED rc=1 el=89.966 claims=1 verdict=RECEIPT_VERIFIED errs=[]
FP01-trace-b       pt-fq60ld30 SUCCEEDED rc=0 el=92.504 claims=1 verdict=RECEIPT_VERIFIED errs=[]
FP01-gate-a        pt-sydww8eu FAILED rc=1 el=3.517 claims=1 verdict=RECEIPT_VERIFIED errs=[]
FP01-gate-b        pt-hyhzzdsc FAILED rc=1 el=12.711 claims=1 verdict=RECEIPT_VERIFIED errs=[]
FP01-gate-c        pt-1duayj7y FAILED rc=1 el=100.702 claims=0 verdict=RECEIPT_VERIFIED errs=[]
FP01-gate-d        pt-hzes3yla FAILED rc=1 el=101.051 claims=0 verdict=RECEIPT_VERIFIED errs=[]
FP01-gate-e        pt-g3344e9z SUCCEEDED rc=0 el=103.978 claims=1 verdict=RECEIPT_VERIFIED errs=[]
HIST-fsformal0923  pt-e8y7ib01 FAILED rc=1 el=425.176 claims=1 verdict=RECEIPT_VERIFIED errs=[]
FP03v1-J1          pt-56auspj8 SUCCEEDED rc=0 el=481.069 claims=1 verdict=RECEIPT_VERIFIED errs=[]
FP03v1-J2          pt-z07uway9 SUCCEEDED rc=0 el=599.269 claims=1 verdict=RECEIPT_VERIFIED errs=[]
FP03v1-J3          pt-sz6iv529 SUCCEEDED rc=0 el=597.617 claims=0 verdict=RECEIPT_VERIFIED errs=[]
FP03v1-J3b         pt-n6b5uf0v SUCCEEDED rc=0 el=592.663 claims=0 verdict=RECEIPT_VERIFIED errs=[]
X1-N32             pt-jbhf3z73 SUCCEEDED rc=0 el=624.669 claims=2 verdict=RECEIPT_VERIFIED errs=[]
X1-N64             pt-t3bfl3e9 SUCCEEDED rc=0 el=719.624 claims=2 verdict=RECEIPT_VERIFIED errs=[]
FP03v2-J3          pt-fuiqqeau SUCCEEDED rc=0 el=306.846 claims=1 verdict=RECEIPT_VERIFIED errs=[]
FP03v2-J4          pt-gr3rrmdg SUCCEEDED rc=0 el=263.675 claims=1 verdict=RECEIPT_VERIFIED errs=[]
FP04-BJ1           pt-ycpvyb6n SUCCEEDED rc=0 el=561.707 claims=1 verdict=RECEIPT_VERIFIED errs=[]
FP04-BJ2           pt-vt003lhm SUCCEEDED rc=0 el=364.382 claims=1 verdict=RECEIPT_VERIFIED errs=[]
FP04-BJ3           pt-m52qwunf FAILED rc=1 el=180.225 claims=3 verdict=RECEIPT_VERIFIED errs=[]
FP04-BJ3r          pt-831c01g4 SUCCEEDED rc=0 el=357.257 claims=1 verdict=RECEIPT_VERIFIED errs=[]
{"n_jobs": 20, "n_core_named_in_dispatch": 14, "n_receipt_verified": 20, "n_missing": 0, "n_mismatch": 0, "overall": "ALL_RECEIPTS_VERIFIED"}
[] [] []
